RAM Allocation
Variable                                                          Address   Size
--------------------------------------------------------------------------------
buf                                                               0x0A46      20
mode                                                              0x0A5A       1
abortProcess                                                      0x0A5B       1
timerOn                                                           0x0A5C       1
startStop                                                         0x0A5D       1
timer                                                             0x0A5E       2
timer_off                                                         0x0A60       2
ds1820_devices                                                    0x0A62       1
p_offset                                                          0x0A63       2
sec                                                               0x0A65       1
minutes                                                           0x0A66       1
hours                                                             0x0A67       1
heater_power                                                      0x0A68       1
pwmOn                                                             0x0A69       1
valvePulse                                                        0x0A6A       1
impulseCounter                                                    0x0A6B       2
pwmPeriod                                                         0x0A6D       2
onePulseDose                                                      0x0A6F       4
factCalibrateQ                                                    0x0A73       2
dis_t_kuba                                                        0x0A75       4
dis_p_ten                                                         0x0A79       2
rect_p_ten_min                                                    0x0A7B       2
rect_p_kol_max                                                    0x0A7D       2
rect_t_otbora                                                     0x0A7F       4
rect_dt_otbora                                                    0x0A83       4
rect_T1_valve                                                     0x0A87       2
rect_T2_valve                                                     0x0A89       2
rect_t_kuba_valve                                                 0x0A8B       4
rect_t_kuba_off                                                   0x0A8F       4
rect_head_val                                                     0x0A93       2
rect_body_speed                                                   0x0A95       2
rect_pulse_delay                                                  0x0A97       1
param_id                                                          0x0A98       1
params                                                            0x0A99     135
menu                                                              0x0B20      20
cod                                                               0x0B34       1
current_menu                                                      0x0B35       1
current_pos                                                       0x0B36       1
last_menu                                                         0x0B37       1
last_pos                                                          0x0B38       1
ds1820_rom_codes                                                  0x0B39      24
t_rom_codes                                                       0x0B51      24
halph_wave_counter                                                0x0B69       1
halph_wave_counter3                                               0x0B6A       1
halph_wave_counter2                                               0x0B6B       2
rx_buffer0                                                        0x0B6D       8
counter                                                           0x0B75       1
nlcd_memory                                                       0x0B76     855
nlcd_xcurr                                                        0x0ECD       1
nlcd_ycurr                                                        0x0ECE       1
countDeb                                                          0x0ECF       4
countDebTmp                                                       0x0ED3       1
stateBut                                                          0x0ED4       4
buf                                                               0x0ED8       8
head                                                              0x0EE0       1
tail                                                              0x0EE1       1
count                                                             0x0EE2       1
cycleBuf                                                          0x0EE3      32
tailBuf                                                           0x0F03       1
headBuf                                                           0x0F04       1
countBuf                                                          0x0F05       1
FuncAr                                                            0x0F06      22
t_kuba                                                            0x0F1C       4
t_kolona_down                                                     0x0F20       4
t_kolona_up                                                       0x0F24       4
t_kuba_old                                                        0x0F28       4
t_kolona_down_old                                                 0x0F2C       4
t_kolona_up_old                                                   0x0F30       4
p_kolona                                                          0x0F34       4
headDisp                                                          0x0F38       4
t_kuba_avg                                                        0x0F3C       4
t_kuba_sum                                                        0x0F40       4
timerSign                                                         0x0F44       2
impulseCounterCalibrate                                           0x0F46       2
Votb                                                              0x0F48       4
ssCounter                                                         0x0F4C       2
menu_                                                             0x0F4E      21
menu_settings                                                     0x0F63      28
menu_set_dist                                                     0x0F7F      14
menu_set_rect                                                     0x0F8D      91
menu_set_init                                                     0x0FE8      21
_seed                                                             0x0FFD       4

EEPROM Allocation
Variable                                                          Address   Size
--------------------------------------------------------------------------------
params_eeprom                                                     0x0000     135
t_sens_eeprom_code                                                0x0087      24

Register Allocation
Variable                                                          Register  Size
--------------------------------------------------------------------------------
rx_wr_index0                                                      R5           1
rx_rd_index0                                                      R4           1
rx_counter0                                                       R7           1
counter_ms                                                        R6           1
rx_buffer_overflow0                                               R2.0      1bit
adc_data                                                          R8,R9        2
t_kuba_count                                                      R11          1
pressureOver                                                      R10          1
timerSignOn                                                       R13          1
ssTrig                                                            R12          1
