RAM Allocation
Variable                                                          Address   Size
--------------------------------------------------------------------------------
buf                                                               0x0A0B      20
mode                                                              0x0A1F       1
abortProcess                                                      0x0A20       1
timerOn                                                           0x0A21       1
startStop                                                         0x0A22       1
timer                                                             0x0A23       2
timer_off                                                         0x0A25       2
ds1820_devices                                                    0x0A27       1
sec                                                               0x0A28       1
minutes                                                           0x0A29       1
hours                                                             0x0A2A       1
heater_power                                                      0x0A2B       1
pwmOn                                                             0x0A2C       1
valvePulse                                                        0x0A2D       1
impulseCounter                                                    0x0A2E       2
pwmPeriod                                                         0x0A30       2
onePulseDose                                                      0x0A32       4
factCalibrateQ                                                    0x0A36       2
dis_t_kuba                                                        0x0A38       4
dis_p_ten                                                         0x0A3C       2
rect_p_ten_min                                                    0x0A3E       2
rect_p_kol_max                                                    0x0A40       2
rect_t_otbora                                                     0x0A42       4
rect_dt_otbora                                                    0x0A46       4
rect_T1_valve                                                     0x0A4A       2
rect_T2_valve                                                     0x0A4C       2
rect_t_kuba_valve                                                 0x0A4E       4
rect_t_kuba_off                                                   0x0A52       4
rect_head_val                                                     0x0A56       2
rect_body_speed                                                   0x0A58       2
rect_pulse_delay                                                  0x0A5A       1
param_id                                                          0x0A5B       1
params                                                            0x0A5C     135
menu                                                              0x0AE3      20
cod                                                               0x0AF7       1
current_menu                                                      0x0AF8       1
current_pos                                                       0x0AF9       1
last_menu                                                         0x0AFA       1
last_pos                                                          0x0AFB       1
ds1820_rom_codes                                                  0x0AFC      24
t_rom_codes                                                       0x0B14      24
halph_wave_counter                                                0x0B2C       1
halph_wave_counter3                                               0x0B2D       1
halph_wave_counter2                                               0x0B2E       2
rx_buffer0                                                        0x0B30       8
counter                                                           0x0B38       1
nlcd_memory                                                       0x0B39     855
nlcd_xcurr                                                        0x0E90       1
nlcd_ycurr                                                        0x0E91       1
countDeb                                                          0x0E92       4
countDebTmp                                                       0x0E96       1
stateBut                                                          0x0E97       4
buf                                                               0x0E9B       8
head                                                              0x0EA3       1
tail                                                              0x0EA4       1
count                                                             0x0EA5       1
cycleBuf                                                          0x0EA6      32
tailBuf                                                           0x0EC6       1
headBuf                                                           0x0EC7       1
countBuf                                                          0x0EC8       1
FuncAr                                                            0x0EC9      22
t_kuba                                                            0x0EDF       4
t_kolona_down                                                     0x0EE3       4
t_kolona_up                                                       0x0EE7       4
t_kuba_old                                                        0x0EEB       4
t_kolona_down_old                                                 0x0EEF       4
t_kolona_up_old                                                   0x0EF3       4
headDisp                                                          0x0EF7       4
t_kuba_avg                                                        0x0EFB       4
t_kuba_sum                                                        0x0EFF       4
timerSign                                                         0x0F03       2
impulseCounterCalibrate                                           0x0F05       2
Votb                                                              0x0F07       4
ssCounter                                                         0x0F0B       2
distSettingMode                                                   0x0F0D       1
distValveMode                                                     0x0F0E       1
menu_                                                             0x0F0F      21
menu_settings                                                     0x0F24      28
menu_set_dist                                                     0x0F40      14
menu_set_rect                                                     0x0F4E      91
menu_set_init                                                     0x0FA9      21
_seed                                                             0x0FBE       4

EEPROM Allocation
Variable                                                          Address   Size
--------------------------------------------------------------------------------
params_eeprom                                                     0x0000     135
t_sens_eeprom_code                                                0x0087      24

Register Allocation
Variable                                                          Register  Size
--------------------------------------------------------------------------------
rx_wr_index0                                                      R5           1
rx_rd_index0                                                      R4           1
rx_counter0                                                       R7           1
counter_ms                                                        R6           1
rx_buffer_overflow0                                               R2.0      1bit
adc_data                                                          R8,R9        2
t_kuba_count                                                      R11          1
pressureOver                                                      R10          1
timerSignOn                                                       R13          1
ssTrig                                                            R12          1
